                                      
  package main                        
                                      
  import "fmt"                        
                                      
  func main() {                       
  	fmt.Println("this is a very long    
  line of Go code that will definitely
  need to wrap at forty columns")     
  }                                   
                                      
  const greeting: string = "hello";   
  export function                     
  veryLongFunctionName(argumentNumberO
  ne: number, argumentNumberTwo:      
  string): void {}                    
                                      
  plain text in an unknown language   
  with a long line that goes on and on
  past the width limit                
                                      
  indented code block                 
