                                      
  [38;5;212;1mHeading[m[38;5;212;1m One[m                         
                                      
  [38;5;212;1m▌ [m[38;5;212;1mHeading[m[38;5;212;1m Two[m                       
                                      
  [38;5;212;1m┃ [m[38;5;212;1mHeading[m[38;5;212;1m Three[m                     
                                      
  [38;5;212;1m│ [m[38;5;212;1mHeading[m[38;5;212;1m Four[m                      
                                      
  [38;5;212;1m┆ [m[38;5;212;1mHeading[m[38;5;212;1m Five[m                      
                                      
  [38;5;212m┊ [m[38;5;212mHeading[m[38;5;212m Six[m                       
                                      
  Paragraph after headings.           
