  Above the rule.                     
  [38;5;212m[m                                    
  [38;5;212m──────[m                              
  [38;5;212m[m                                    
  Below the rule.                     
  [38;5;212m[m                                    
  [38;5;212m──────[m                              
  [38;5;212m[m