
  Visit ]8;id=2239008578;https://charm.shCharm]8;; ]8;id=2239008578;https://charm.shhttps://charm.sh]8;; for more, or see ]8;id=1861917756;https://github.com/charmbracelet/glamourthe docs]8;;                      
  ]8;id=1861917756;https://github.com/charmbracelet/glamourhttps://github.com/charmbracelet/glamour]8;;.                                   
                                                                              
  Autolink: ]8;id=1874592979;https://example.comhttps://example.com]8;; and bare ]8;id=2576678158;https://example.org/pathhttps://example.org/path]8;; too.        
                                                                              
  An image: Image: ]8;id=3463374637;https://charm.sh/logo.pnglogo]8;; → ]8;id=3463374637;https://charm.sh/logo.pnghttps://charm.sh/logo.png]8;;                           

