  Visit ]8;id=2239008578;https://charm.sh[1mCharm[m]8;; [38;5;99;4m]8;id=2239008578;https://charm.shhttps://charm.sh]8;;[m for more, or see ]8;id=1861917756;https://github.com/charmbracelet/glamour[1mthe docs[m]8;;                      
  [38;5;99;4m]8;id=1861917756;https://github.com/charmbracelet/glamourhttps://github.com/charmbracelet/glamour]8;;[m.                                   
                                                                              
  Autolink: [38;5;99;4m]8;id=1874592979;https://example.comhttps://example.com]8;;[m and bare [38;5;99;4m]8;id=2576678158;https://example.org/pathhttps://example.org/path]8;;[m too.        
                                                                              
  An image: Image: ]8;id=3463374637;https://charm.sh/logo.pnglogo]8;; [4m]8;id=3463374637;https://charm.sh/logo.pnghttps://charm.sh/logo.png]8;;[m                             
