
                                                                              
  [x] Write the port                                                          
  [ ] Add golden tests                                                        
      [x] Nested done                                                         
      [ ] Nested todo                                                         
  [ ] Publish                                                                 

