                                                                              
  [✓] Write the port                                                          
  [ ] Add golden tests                                                        
    [✓] Nested done                                                           
    [ ] Nested todo                                                           
  [ ] Publish                                                                 
